prisma/seed.ts(44,13): error TS2353: Object literal may only specify known properties, and 'formulation' does not exist in type '(Without<BlockTypeCreateInput, BlockTypeUncheckedCreateInput> & BlockTypeUncheckedCreateInput) | (Without<...> & BlockTypeCreateInput)'.
prisma/seed.ts(53,13): error TS2353: Object literal may only specify known properties, and 'formulation' does not exist in type '(Without<BlockTypeCreateInput, BlockTypeUncheckedCreateInput> & BlockTypeUncheckedCreateInput) | (Without<...> & BlockTypeCreateInput)'.
prisma/seed.ts(62,13): error TS2353: Object literal may only specify known properties, and 'formulation' does not exist in type '(Without<BlockTypeCreateInput, BlockTypeUncheckedCreateInput> & BlockTypeUncheckedCreateInput) | (Without<...> & BlockTypeCreateInput)'.
prisma/seed.ts(68,34): error TS2339: Property 'rawMaterial' does not exist on type 'PrismaClient<PrismaClientOptions, never, DefaultArgs>'.
prisma/seed.ts(72,32): error TS2339: Property 'rawMaterial' does not exist on type 'PrismaClient<PrismaClientOptions, never, DefaultArgs>'.
prisma/seed.ts(76,38): error TS2339: Property 'rawMaterial' does not exist on type 'PrismaClient<PrismaClientOptions, never, DefaultArgs>'.
prisma/seed.ts(80,34): error TS2339: Property 'rawMaterial' does not exist on type 'PrismaClient<PrismaClientOptions, never, DefaultArgs>'.
prisma/seed.ts(84,35): error TS2339: Property 'rawMaterial' does not exist on type 'PrismaClient<PrismaClientOptions, never, DefaultArgs>'.
prisma/seed.ts(89,34): error TS2339: Property 'supplier' does not exist on type 'PrismaClient<PrismaClientOptions, never, DefaultArgs>'.
prisma/seed.ts(92,36): error TS2339: Property 'supplier' does not exist on type 'PrismaClient<PrismaClientOptions, never, DefaultArgs>'.
prisma/seed.ts(97,18): error TS2339: Property 'rawMaterialPurchase' does not exist on type 'PrismaClient<PrismaClientOptions, never, DefaultArgs>'.
prisma/seed.ts(100,18): error TS2339: Property 'rawMaterialPurchase' does not exist on type 'PrismaClient<PrismaClientOptions, never, DefaultArgs>'.
prisma/seed.ts(103,18): error TS2339: Property 'rawMaterialPurchase' does not exist on type 'PrismaClient<PrismaClientOptions, never, DefaultArgs>'.
prisma/seed.ts(121,111): error TS2353: Object literal may only specify known properties, and 'totalCost' does not exist in type 'Without<ProductionBatchCreateInput, ProductionBatchUncheckedCreateInput> & ProductionBatchUncheckedCreateInput'.
prisma/seed.ts(129,112): error TS2353: Object literal may only specify known properties, and 'totalCost' does not exist in type 'Without<ProductionBatchCreateInput, ProductionBatchUncheckedCreateInput> & ProductionBatchUncheckedCreateInput'.
prisma/seed.ts(137,111): error TS2353: Object literal may only specify known properties, and 'totalCost' does not exist in type 'Without<ProductionBatchCreateInput, ProductionBatchUncheckedCreateInput> & ProductionBatchUncheckedCreateInput'.
prisma/seed.ts(146,113): error TS2353: Object literal may only specify known properties, and 'totalCost' does not exist in type 'Without<ProductionBatchCreateInput, ProductionBatchUncheckedCreateInput> & ProductionBatchUncheckedCreateInput'.
src/app/(dashboard)/compras/CompraForm.tsx(9,32): error TS2307: Cannot find module '@/app/actions/compras' or its corresponding type declarations.
src/app/(dashboard)/compras/page.tsx(1,61): error TS2307: Cannot find module '@/app/actions/compras' or its corresponding type declarations.
src/app/(dashboard)/compras/page.tsx(46,52): error TS7006: Parameter 'purchase' implicitly has an 'any' type.
src/app/(dashboard)/configuracion/page.tsx(57,53): error TS2339: Property 'formulation' does not exist on type '{ id: string; name: string; isActive: boolean; dimensions: string; }'.
src/app/(dashboard)/configuracion/page.tsx(61,97): error TS2339: Property 'formulation' does not exist on type '{ id: string; name: string; isActive: boolean; dimensions: string; }'.
src/app/(dashboard)/configuracion/page.tsx(65,97): error TS2339: Property 'formulation' does not exist on type '{ id: string; name: string; isActive: boolean; dimensions: string; }'.
src/app/(dashboard)/configuracion/page.tsx(69,97): error TS2339: Property 'formulation' does not exist on type '{ id: string; name: string; isActive: boolean; dimensions: string; }'.
src/app/(dashboard)/produccion/page.tsx(65,56): error TS2339: Property 'totalCost' does not exist on type '{ batchWorkers: ({ worker: { id: string; dni: string; firstName: string; lastName: string; position: string; hireDate: Date; isActive: boolean; }; } & { id: string; blocksProduced: number; workerId: string; batchId: string; })[]; blockType: { ...; }; createdBy: { ...; }; } & { ...; }'.
src/app/(dashboard)/produccion/page.tsx(67,60): error TS2339: Property 'unitCostPerBlock' does not exist on type '{ batchWorkers: ({ worker: { id: string; dni: string; firstName: string; lastName: string; position: string; hireDate: Date; isActive: boolean; }; } & { id: string; blocksProduced: number; workerId: string; batchId: string; })[]; blockType: { ...; }; createdBy: { ...; }; } & { ...; }'.
src/app/actions/configuracion.ts(9,13): error TS2353: Object literal may only specify known properties, and 'formulation' does not exist in type 'BlockTypeInclude<DefaultArgs>'.
src/app/actions/configuracion.ts(30,17): error TS2353: Object literal may only specify known properties, and 'formulation' does not exist in type '(Without<BlockTypeCreateInput, BlockTypeUncheckedCreateInput> & BlockTypeUncheckedCreateInput) | (Without<...> & BlockTypeCreateInput)'.
src/app/actions/production.ts(24,20): error TS2353: Object literal may only specify known properties, and 'formulation' does not exist in type 'BlockTypeInclude<DefaultArgs>'.
src/app/actions/production.ts(52,20): error TS2353: Object literal may only specify known properties, and 'formulation' does not exist in type 'BlockTypeInclude<DefaultArgs>'.
src/app/actions/production.ts(55,34): error TS2339: Property 'formulation' does not exist on type '{ id: string; name: string; isActive: boolean; dimensions: string; }'.
src/app/actions/production.ts(59,35): error TS2339: Property 'formulation' does not exist on type '{ id: string; name: string; isActive: boolean; dimensions: string; }'.
src/app/actions/production.ts(68,39): error TS2339: Property 'rawMaterial' does not exist on type 'PrismaClient<PrismaClientOptions, never, DefaultArgs>'.
src/app/actions/production.ts(70,39): error TS7006: Parameter 'rm' implicitly has an 'any' type.
src/app/actions/production.ts(71,37): error TS7006: Parameter 'rm' implicitly has an 'any' type.
src/app/actions/production.ts(72,39): error TS7006: Parameter 'rm' implicitly has an 'any' type.
src/app/actions/production.ts(103,17): error TS2353: Object literal may only specify known properties, and 'costCement' does not exist in type 'Without<ProductionBatchCreateInput, ProductionBatchUncheckedCreateInput> & ProductionBatchUncheckedCreateInput'.
src/app/actions/production.ts(119,18): error TS2339: Property 'rawMaterial' does not exist on type 'Omit<PrismaClient<PrismaClientOptions, never, DefaultArgs>, "$connect" | "$disconnect" | "$on" | "$transaction" | "$extends">'.
src/app/actions/production.ts(123,18): error TS2339: Property 'rawMaterial' does not exist on type 'Omit<PrismaClient<PrismaClientOptions, never, DefaultArgs>, "$connect" | "$disconnect" | "$on" | "$transaction" | "$extends">'.
src/app/actions/production.ts(127,18): error TS2339: Property 'rawMaterial' does not exist on type 'Omit<PrismaClient<PrismaClientOptions, never, DefaultArgs>, "$connect" | "$disconnect" | "$on" | "$transaction" | "$extends">'.
